[artforumhair.com/index.html]
[backblue.gif]
[fade.gif]
[index.html]
[artforumhair.com/wp-content/plugins/photo-gallery/booster/assets/css/global8a54.css]
[artforumhair.com/comments/feed/index.html]
[artforumhair.com/wp-includes/css/dist/block-library/style.min84fc.css]
[artforumhair.com/wp-content/plugins/multilanguage/css/style5f04.css]
[artforumhair.com/feed/index.html]
[artforumhair.com/wp-content/plugins/photo-gallery/css/bwg-fonts/fonts622c.css]
[artforumhair.com/wp-content/plugins/photo-gallery/css/sumoselect.min9bf7.css]
[artforumhair.com/wp-content/plugins/photo-gallery/css/jquery.mCustomScrollbar.minc6bd.css]
[artforumhair.com/wp-content/plugins/photo-gallery/css/styles.min0445.css]
[artforumhair.com/wp-content/themes/artforum/style84fc.css]
[artforumhair.com/wp-content/themes/artforum/editor-style84fc.css]
[artforumhair.com/wp-content/themes/artforum/css/nivo-slider84fc.css]
[artforumhair.com/wp-content/themes/artforum/css/responsive84fc.css]
[artforumhair.com/wp-content/themes/artforum/css/style_base84fc.css]
[artforumhair.com/wp-content/themes/artforum/css/animation84fc.css]
[artforumhair.com/wp-content/themes/artforum/grayscale-effects/css/grayscale84fc.css]
[artforumhair.com/wp-includes/js/jquery/jquery.minf43b.js]
[artforumhair.com/wp-includes/js/jquery/jquery-migrate.min5589.js]
[artforumhair.com/wp-content/plugins/photo-gallery/booster/assets/js/circle-progress8d1e.js]
[artforumhair.com/wp-content/plugins/photo-gallery/booster/assets/js/global8a54.js]
[artforumhair.com/wp-content/plugins/photo-gallery/js/jquery.sumoselect.min9bf7.js]
[artforumhair.com/wp-content/plugins/photo-gallery/js/tocca.minffdc.js]
[artforumhair.com/wp-content/plugins/photo-gallery/js/jquery.mCustomScrollbar.concat.minc6bd.js]
[artforumhair.com/wp-content/plugins/photo-gallery/js/jquery.fullscreen.mina307.js]
[artforumhair.com/wp-content/plugins/photo-gallery/js/scripts.min0445.js]
[artforumhair.com/wp-content/themes/artforum/js/jquery.nivo.slider84fc.js]
[artforumhair.com/wp-content/themes/artforum/js/custom84fc.js]
[artforumhair.com/wp-content/themes/artforum/grayscale-effects/js/functions84fc.js]
[artforumhair.com/wp-content/themes/artforum/grayscale-effects/js/grayscale84fc.js]
[artforumhair.com/xmlrpc0db0.php]
[artforumhair.com/wp-content/uploads/2017/01/cropped-GPA9083.jpg]
[artforumhair.com/wp-json/index.html]
[artforumhair.com/wp-content/uploads/2016/02/cropped-Logo-32x32.jpg]
[artforumhair.com/wp-content/uploads/2016/02/cropped-Logo-192x192.jpg]
[artforumhair.com/wp-content/uploads/2016/02/cropped-Logo-180x180.jpg]
[artforumhair.com/wp-content/uploads/2016/02/logo4.jpg]
[artforumhair.com/wp-content/plugins/multilanguage/images/flags/en_GB.png]
[artforumhair.com/hair-extensions/index.html]
[artforumhair.com/gallery/index.html]
[artforumhair.com/our-products/index.html]
[artforumhair.com/правилна-грижа-за-екстеншъни/index.html]
[artforumhair.com/https://artforumhair.com/wp-content/plugins/multilanguage/images/flags/bg_BG.png]
[artforumhair.com/about-us/index.html]
[artforumhair.com/about-us/our-main-hairstylist/index.html]
[artforumhair.com/best-hair-extensions-brands-world/index.html]
[artforumhair.com/tape-in-extensions/index.html]
[artforumhair.com/cdn-cgi/l/email-protection.html]
[artforumhair.com/2019/07/24/revolution-flixy-hair-extensions-now-everything-is-easier-and-faster/index.html]
[artforumhair.com/2018/03/20/art-forums-first-training-course-reality-еxpect-future/index.html]
[artforumhair.com/category/uncategorised/index.html]
[artforumhair.com/about-us/philosophy-beautiful-hair/index.html]
[artforumhair.com/cdn-cgi/scripts/5c5dd728/cloudflare-static/email-decode.min.js]
[artforumhair.com/index.html]
[artforumhair.com/2017/05/10/main-human-hair-extensions-types/index.html]
[artforumhair.com/xmlrpc.php]
[artforumhair.com/2017/12/17/tape-hair-extensions-innovative-technology-hair-bleaching/index.html]
[artforumhair.com/2017/10/17/изсветляване-на-екстеншъни-какво-тря/index.html]
[artforumhair.com/2017/06/08/wedding-hair-extensions/index.html]
[artforumhair.com/2017/04/16/от-какво-се-правят-екстеншъните/index.html]
[artforumhair.com/wp-content/plugins/photo-gallery/booster/assets/images/optimize.svg]
[artforumhair.com/2017/03/16/main-trends-hairstyles-2017/index.html]
[artforumhair.com/2017/04/03/care-hair-extensions-summer/index.html]
[artforumhair.com/page/2/index.html]
[artforumhair.com/2017/03/23/things-before-extensions/index.html]
[artforumhair.com/wp-content/plugins/photo-gallery/booster/assets/images/red-info.svg]
[artforumhair.com/wp-content/plugins/photo-gallery/booster/assets/images/loader_green.svg]
[artforumhair.com/wp-content/plugins/photo-gallery/booster/assets/images/logo_dark.svg]
[artforumhair.com/wp-content/plugins/photo-gallery/booster/assets/images/pg.svg]
[artforumhair.com/wp-content/plugins/photo-gallery/booster/assets/images/fm.svg]
[artforumhair.com/wp-content/plugins/photo-gallery/booster/assets/images/closed_eye.svg]
[artforumhair.com/wp-content/plugins/photo-gallery/booster/assets/images/not_optimized.svg]
[artforumhair.com/wp-content/plugins/photo-gallery/booster/assets/images/check_score.svg]
[artforumhair.com/wp-content/plugins/photo-gallery/booster/assets/images/loader.svg]
[artforumhair.com/wp-content/plugins/photo-gallery/booster/assets/images/reload.svg]
[artforumhair.com/wp-content/plugins/photo-gallery/booster/assets/images/green-info.svg]
[artforumhair.com/wp-content/plugins/photo-gallery/booster/assets/images/up_arrow_nav.svg]
[artforumhair.com/wp-content/plugins/photo-gallery/booster/assets/images/down_arrow_nav.svg]
[artforumhair.com/wp-content/plugins/photo-gallery/booster/assets/css/global8a54.css]
[artforumhair.com/wp-includes/css/dist/block-library/style.min84fc.css]
[artforumhair.com/wp-content/plugins/multilanguage/css/style5f04.css]
[artforumhair.com/wp-content/plugins/photo-gallery/css/bwg-fonts/fonts/bwg8f95.eot]
[artforumhair.com/wp-content/plugins/photo-gallery/css/bwg-fonts/fonts/bwg8f95.ttf]
[artforumhair.com/wp-content/plugins/photo-gallery/css/bwg-fonts/fonts/bwg8f95.woff]
[artforumhair.com/wp-content/plugins/photo-gallery/css/bwg-fonts/fonts/bwg8f95.svg]
[artforumhair.com/wp-content/plugins/photo-gallery/css/bwg-fonts/fonts622c.css]
[artforumhair.com/wp-content/plugins/photo-gallery/css/sumoselect.min9bf7.css]
[artforumhair.com/wp-content/plugins/photo-gallery/css/mCSB_buttons.png]
[artforumhair.com/wp-content/plugins/photo-gallery/css/jquery.mCustomScrollbar.minc6bd.css]
[artforumhair.com/wp-content/plugins/photo-gallery/images/ajax_loader.png]
[artforumhair.com/wp-content/plugins/photo-gallery/images/blank.gif]
[artforumhair.com/wp-content/plugins/photo-gallery/images/captcha_refresh.png]
[artforumhair.com/wp-content/plugins/photo-gallery/css/styles.min0445.css]
[artforumhair.com/wp-content/themes/artforum/images/mobile_nav_right.png]
[artforumhair.com/wp-content/themes/artforum/images/icon-fb.png]
[artforumhair.com/wp-content/themes/artforum/images/icon-tw.png]
[artforumhair.com/wp-content/themes/artforum/images/icon-gp.png]
[artforumhair.com/wp-content/themes/artforum/images/icon-in.png]
[artforumhair.com/wp-content/themes/artforum/images/sidebar-arrow.png]
[artforumhair.com/wp-content/themes/artforum/images/list-arrow.png]
[artforumhair.com/wp-content/themes/artforum/images/icon-map.png]
[artforumhair.com/wp-content/themes/artforum/images/icon-phone.png]
[artforumhair.com/wp-content/themes/artforum/images/icon-email.png]
[artforumhair.com/wp-content/themes/artforum/style84fc.css]
[artforumhair.com/wp-content/themes/artforum/editor-style84fc.css]
[artforumhair.com/wp-content/themes/artforum/images/slide-nav.png]
[artforumhair.com/wp-content/themes/artforum/css/nivo-slider84fc.css]
[artforumhair.com/wp-content/themes/artforum/css/responsive84fc.css]
[artforumhair.com/wp-content/themes/artforum/images/base/button-gradient.png]
[artforumhair.com/wp-content/themes/artforum/images/base/button-dark-round-left.png]
[artforumhair.com/wp-content/themes/artforum/images/base/button-dark-round-right.png]
[artforumhair.com/wp-content/themes/artforum/images/base/button-light-round-left.png]
[artforumhair.com/wp-content/themes/artforum/images/base/button-light-round-right.png]
[artforumhair.com/wp-content/themes/artforum/images/base/icon_info.png]
[artforumhair.com/wp-content/themes/artforum/images/base/icon_success.png]
[artforumhair.com/wp-content/themes/artforum/images/base/icon_warning.png]
[artforumhair.com/wp-content/themes/artforum/images/base/icon_error.png]
[artforumhair.com/wp-content/themes/artforum/images/base/icon_about.png]
[artforumhair.com/wp-content/themes/artforum/images/base/accordian-title.png]
[artforumhair.com/wp-content/themes/artforum/images/base/accordian-content-bg.png]
[artforumhair.com/wp-content/themes/artforum/images/base/bullet-1.png]
[artforumhair.com/wp-content/themes/artforum/images/base/bullet-2.png]
[artforumhair.com/wp-content/themes/artforum/images/base/bullet-3.png]
[artforumhair.com/wp-content/themes/artforum/images/base/bullet-4.png]
[artforumhair.com/wp-content/themes/artforum/images/base/bullet-5.png]
[artforumhair.com/wp-content/themes/artforum/images/base/bullet-6.png]
[artforumhair.com/wp-content/themes/artforum/images/base/bullet-7.png]
[artforumhair.com/wp-content/themes/artforum/images/base/bullet-8.png]
[artforumhair.com/wp-content/themes/artforum/images/base/bullet-9.png]
[artforumhair.com/wp-content/themes/artforum/images/base/bullet-10.png]
[artforumhair.com/wp-content/themes/artforum/css/style_base84fc.css]
[artforumhair.com/wp-content/themes/artforum/css/animation84fc.css]
[artforumhair.com/wp-content/themes/artforum/grayscale-effects/js/filters.svg]
[artforumhair.com/wp-content/themes/artforum/grayscale-effects/css/grayscale84fc.css]
[artforumhair.com/wp-json/wp/v2/pages/103.json]
[artforumhair.com/wp-json/oembed/1.0/embedcd13.json]
[artforumhair.com/wp-json/oembed/1.0/embed3055]
[artforumhair.com/wp-content/uploads/photo-gallery/_GPA9243.jpg]
[artforumhair.com/wp-content/uploads/photo-gallery/thumb/_GPA9243.jpg]
[artforumhair.com/wp-content/uploads/photo-gallery/_GPA9265.jpg]
[artforumhair.com/wp-content/uploads/photo-gallery/thumb/_GPA9265.jpg]
[artforumhair.com/wp-content/uploads/photo-gallery/_GPA9230.jpg]
[artforumhair.com/wp-content/uploads/photo-gallery/thumb/_GPA9230.jpg]
[artforumhair.com/wp-content/uploads/photo-gallery/_GPA9216.jpg]
[artforumhair.com/wp-content/uploads/photo-gallery/thumb/_GPA9216.jpg]
[artforumhair.com/wp-content/uploads/photo-gallery/_GPA9217.jpg]
[artforumhair.com/wp-content/uploads/photo-gallery/thumb/_GPA9217.jpg]
[artforumhair.com/wp-content/uploads/photo-gallery/_GPA9211.jpg]
[artforumhair.com/wp-content/uploads/photo-gallery/thumb/_GPA9211.jpg]
[artforumhair.com/wp-content/uploads/photo-gallery/_GPA9289.jpg]
[artforumhair.com/wp-content/uploads/photo-gallery/thumb/_GPA9289.jpg]
[artforumhair.com/wp-content/uploads/photo-gallery/_GPA9333.jpg]
[artforumhair.com/wp-content/uploads/photo-gallery/thumb/_GPA9333.jpg]
[artforumhair.com/wp-content/uploads/photo-gallery/_zGPA8959.jpg]
[artforumhair.com/wp-content/uploads/photo-gallery/thumb/_zGPA8959.jpg]
[artforumhair.com/wp-content/uploads/photo-gallery/_GPA9122.jpg]
[artforumhair.com/wp-content/uploads/photo-gallery/thumb/_GPA9122.jpg]
[artforumhair.com/wp-content/uploads/photo-gallery/_GPA9124.jpg]
[artforumhair.com/wp-content/uploads/photo-gallery/thumb/_GPA9124.jpg]
[artforumhair.com/wp-content/uploads/photo-gallery/_GPA9119.jpg]
[artforumhair.com/wp-content/uploads/photo-gallery/thumb/_GPA9119.jpg]
[artforumhair.com/wp-content/uploads/photo-gallery/_GPA9116.jpg]
[artforumhair.com/wp-content/uploads/photo-gallery/thumb/_GPA9116.jpg]
[artforumhair.com/wp-content/uploads/photo-gallery/_GPA9063.jpg]
[artforumhair.com/wp-content/uploads/photo-gallery/thumb/_GPA9063.jpg]
[artforumhair.com/wp-content/uploads/photo-gallery/_GPA9131.jpg]
[artforumhair.com/wp-content/uploads/photo-gallery/thumb/_GPA9131.jpg]
[artforumhair.com/wp-content/uploads/photo-gallery/_GPA9092.jpg]
[artforumhair.com/wp-content/uploads/photo-gallery/thumb/_GPA9092.jpg]
[artforumhair.com/wp-content/uploads/photo-gallery/_GPA9163.jpg]
[artforumhair.com/wp-content/uploads/photo-gallery/thumb/_GPA9163.jpg]
[artforumhair.com/wp-content/uploads/photo-gallery/_GPA9154.jpg]
[artforumhair.com/wp-content/uploads/photo-gallery/thumb/_GPA9154.jpg]
[artforumhair.com/wp-content/uploads/photo-gallery/_GPA9148.jpg]
[artforumhair.com/wp-content/uploads/photo-gallery/thumb/_GPA9148.jpg]
[artforumhair.com/wp-content/uploads/photo-gallery/_GPA9138.jpg]
[artforumhair.com/wp-content/uploads/photo-gallery/thumb/_GPA9138.jpg]
[artforumhair.com/wp-content/uploads/photo-gallery/_GPA9142.jpg]
[artforumhair.com/wp-content/uploads/photo-gallery/thumb/_GPA9142.jpg]
[artforumhair.com/wp-content/uploads/photo-gallery/_GPA9066.jpg]
[artforumhair.com/wp-content/uploads/photo-gallery/thumb/_GPA9066.jpg]
[artforumhair.com/wp-content/uploads/photo-gallery/_GPA9077.jpg]
[artforumhair.com/wp-content/uploads/photo-gallery/thumb/_GPA9077.jpg]
[artforumhair.com/wp-content/uploads/photo-gallery/_GPA9102.jpg]
[artforumhair.com/wp-content/uploads/photo-gallery/thumb/_GPA9102.jpg]
[artforumhair.com/wp-content/uploads/photo-gallery/_GPA9101.jpg]
[artforumhair.com/wp-content/uploads/photo-gallery/thumb/_GPA9101.jpg]
[artforumhair.com/wp-content/uploads/photo-gallery/_GPA9096.jpg]
[artforumhair.com/wp-content/uploads/photo-gallery/thumb/_GPA9096.jpg]
[artforumhair.com/wp-content/uploads/photo-gallery/_GPA9093.jpg]
[artforumhair.com/wp-content/uploads/photo-gallery/thumb/_GPA9093.jpg]
[artforumhair.com/wp-content/uploads/photo-gallery/_GPA9095.jpg]
[artforumhair.com/wp-content/uploads/photo-gallery/thumb/_GPA9095.jpg]
[artforumhair.com/wp-content/uploads/photo-gallery/_GPA9103.jpg]
[artforumhair.com/wp-content/uploads/photo-gallery/thumb/_GPA9103.jpg]
[artforumhair.com/wp-content/uploads/photo-gallery/_GPA9107.jpg]
[artforumhair.com/wp-content/uploads/photo-gallery/thumb/_GPA9107.jpg]
[artforumhair.com/gallery/index.html]
[artforumhair.com/gallery/index2822.html]
[artforumhair.com/gallery/index43dd.html]
[artforumhair.com/wp-json/wp/v2/pages/25.json]
[artforumhair.com/wp-json/oembed/1.0/embed0a24.json]
[artforumhair.com/wp-json/oembed/1.0/embed0623]
[artforumhair.com/hair-extensions/index.html]
[artforumhair.com/wp-json/wp/v2/pages/129.json]
[artforumhair.com/wp-json/oembed/1.0/embed4b15.json]
[artforumhair.com/our-products/index.html]
[artforumhair.com/wp-json/oembed/1.0/embed8589]
[artforumhair.com/wp-json/wp/v2/pages/73.json]
[artforumhair.com/wp-json/oembed/1.0/embed1b9b.json]
[artforumhair.com/wp-json/oembed/1.0/embedd19c]
[artforumhair.com/правилна-грижа-за-екстеншъни/index.html]
[artforumhair.com/wp-json/wp/v2/pages/296.json]
[artforumhair.com/wp-json/oembed/1.0/embed6c55.json]
[artforumhair.com/wp-json/oembed/1.0/embed88b2]
[artforumhair.com/wp-content/uploads/photo-gallery/image-1.jpg]
[artforumhair.com/wp-content/uploads/photo-gallery/thumb/image-1.jpg]
[artforumhair.com/wp-content/uploads/photo-gallery/image-16.jpg]
[artforumhair.com/wp-content/uploads/photo-gallery/thumb/image-16.jpg]
[artforumhair.com/wp-content/uploads/photo-gallery/image-18.jpg]
[artforumhair.com/wp-content/uploads/photo-gallery/thumb/image-18.jpg]
[artforumhair.com/wp-content/uploads/photo-gallery/image20.jpg]
[artforumhair.com/wp-content/uploads/photo-gallery/thumb/image20.jpg]
[artforumhair.com/wp-content/uploads/photo-gallery/image-11.jpg]
[artforumhair.com/wp-content/uploads/photo-gallery/thumb/image-11.jpg]
[artforumhair.com/tape-in-extensions/index.html]
[artforumhair.com/wp-json/wp/v2/pages/178.json]
[artforumhair.com/wp-json/oembed/1.0/embedbf10.json]
[artforumhair.com/best-hair-extensions-brands-world/index.html]
[artforumhair.com/wp-json/oembed/1.0/embed0cba]
[artforumhair.com/wp-json/wp/v2/pages/31.json]
[artforumhair.com/wp-json/oembed/1.0/embed3cb7.json]
[artforumhair.com/about-us/index.html]
[artforumhair.com/wp-json/oembed/1.0/embed977f]
[artforumhair.com/wp-json/wp/v2/pages/114.json]
[artforumhair.com/wp-json/oembed/1.0/embed1bbd.json]
[artforumhair.com/wp-json/oembed/1.0/embedb016]
[artforumhair.com/about-us/our-main-hairstylist/index.html]
[artforumhair.com/wp-json/wp/v2/pages/60.json]
[artforumhair.com/wp-json/oembed/1.0/embed466c.json]
[artforumhair.com/wp-json/oembed/1.0/embed2f34]
[artforumhair.com/about-us/philosophy-beautiful-hair/index.html]
[artforumhair.com/wp-json/wp/v2/posts/419.json]
[artforumhair.com/wp-json/oembed/1.0/embedd6ed.json]
[artforumhair.com/wp-json/oembed/1.0/embed1a44]
[artforumhair.com/2019/07/24/revolution-flixy-hair-extensions-now-everything-is-easier-and-faster/index.html]
[artforumhair.com/wp-json/wp/v2/categories/1.json]
[artforumhair.com/category/uncategorised/index.html]
[artforumhair.com/wp-json/wp/v2/posts/344.json]
[artforumhair.com/category/uncategorised/page/2/index.html]
[artforumhair.com/category/uncategorised/feed/index.html]
[artforumhair.com/wp-json/oembed/1.0/embed4218.json]
[artforumhair.com/2018/03/20/art-forums-first-training-course-reality-еxpect-future/index.html]
[artforumhair.com/wp-json/oembed/1.0/embed74db]
[artforumhair.com/wp-json/wp/v2/posts/334.json]
[artforumhair.com/wp-json/oembed/1.0/embedd1b3.json]
[artforumhair.com/wp-json/oembed/1.0/embedf25f]
[artforumhair.com/wp-content/uploads/photo-gallery/3.jpg]
[artforumhair.com/wp-content/uploads/photo-gallery/thumb/3.jpg]
[artforumhair.com/wp-content/uploads/photo-gallery/5.jpg]
[artforumhair.com/wp-content/uploads/photo-gallery/thumb/5.jpg]
[artforumhair.com/wp-content/uploads/photo-gallery/4.jpg]
[artforumhair.com/wp-content/uploads/photo-gallery/thumb/4.jpg]
[artforumhair.com/wp-content/uploads/photo-gallery/2.jpg]
[artforumhair.com/wp-content/uploads/photo-gallery/thumb/2.jpg]
[artforumhair.com/wp-content/uploads/photo-gallery/1.jpg]
[artforumhair.com/wp-content/uploads/photo-gallery/thumb/1.jpg]
[artforumhair.com/2017/12/17/tape-hair-extensions-innovative-technology-hair-bleaching/index.html]
[artforumhair.com/wp-json/wp/v2/posts/318.json]
[artforumhair.com/wp-json/oembed/1.0/embed7565.json]
[artforumhair.com/wp-json/oembed/1.0/embede608]
[artforumhair.com/2017/10/17/изсветляване-на-екстеншъни-какво-тря/index.html]
[artforumhair.com/wp-json/wp/v2/posts/277.json]
[artforumhair.com/wp-json/oembed/1.0/embed59e4.json]
[artforumhair.com/wp-json/oembed/1.0/embed1ee0]
[artforumhair.com/wp-content/uploads/2017/01/GPA9099-1024x683.jpg]
[artforumhair.com/2017/06/08/wedding-hair-extensions/index.html]
[artforumhair.com/wp-json/wp/v2/posts/270.json]
[artforumhair.com/wp-json/oembed/1.0/embedb938.json]
[artforumhair.com/wp-json/oembed/1.0/embed5110]
[artforumhair.com/2017/05/10/main-human-hair-extensions-types/index.html]
[artforumhair.com/wp-json/wp/v2/posts/250.json]
[artforumhair.com/wp-json/oembed/1.0/embed4918.json]
[artforumhair.com/wp-json/oembed/1.0/embed4889]
[artforumhair.com/wp-content/uploads/2017/04/zGPA8959-1024x682.jpg]
[artforumhair.com/2017/04/16/от-какво-се-правят-екстеншъните/index.html]
[artforumhair.com/wp-json/wp/v2/posts/242.json]
[artforumhair.com/wp-json/oembed/1.0/embed6d4a.json]
[artforumhair.com/wp-json/oembed/1.0/embedf6d4]
[artforumhair.com/2017/04/03/care-hair-extensions-summer/index.html]
[artforumhair.com/wp-json/wp/v2/posts/224.json]
[artforumhair.com/wp-json/oembed/1.0/embed4e3e.json]
[artforumhair.com/wp-json/oembed/1.0/embed968e]
[artforumhair.com/2017/03/23/things-before-extensions/index.html]
[artforumhair.com/wp-json/wp/v2/posts/220.json]
[artforumhair.com/wp-json/oembed/1.0/embedf2d1.json]
[artforumhair.com/wp-json/oembed/1.0/embedf00e]
[artforumhair.com/2017/03/16/main-trends-hairstyles-2017/index.html]
[artforumhair.com/page/2/index.html]
[artforumhair.com/2017/02/27/три-причини-да-удължите-косата-си-с-екс/index.html]
[artforumhair.com/2017/03/06/hair-wigs-now/index.html]
[artforumhair.com/2017/02/27/екстеншъни-със-самозалепващи-се-стик/index.html]
[artforumhair.com/2017/01/29/indian-hair-best-extensions/index.html]
[artforumhair.com/2017/01/07/oмбре-екстеншъните-продължават-да-вла/index.html]
[artforumhair.com/2017/01/21/hair-color-trends-spring-2017/index.html]
[artforumhair.com/cdn-cgi/l/email-protection.html]
[artforumhair.com/wp-content/plugins/photo-gallery/booster/assets/images/optimize.svg]
[artforumhair.com/wp-content/plugins/photo-gallery/booster/assets/images/red-info.svg]
[artforumhair.com/wp-content/plugins/photo-gallery/booster/assets/images/loader_green.svg]
[artforumhair.com/wp-content/plugins/photo-gallery/booster/assets/images/logo_dark.svg]
[artforumhair.com/wp-content/plugins/photo-gallery/booster/assets/images/pg.svg]
[artforumhair.com/wp-content/plugins/photo-gallery/booster/assets/images/fm.svg]
[artforumhair.com/wp-content/plugins/photo-gallery/booster/assets/images/closed_eye.svg]
[artforumhair.com/wp-content/plugins/photo-gallery/booster/assets/images/not_optimized.svg]
[artforumhair.com/wp-content/plugins/photo-gallery/booster/assets/images/check_score.svg]
[artforumhair.com/wp-content/plugins/photo-gallery/booster/assets/images/loader.svg]
[artforumhair.com/wp-content/plugins/photo-gallery/booster/assets/images/reload.svg]
[artforumhair.com/wp-content/plugins/photo-gallery/booster/assets/images/green-info.svg]
[artforumhair.com/wp-content/plugins/photo-gallery/booster/assets/images/up_arrow_nav.svg]
[artforumhair.com/wp-content/plugins/photo-gallery/booster/assets/images/down_arrow_nav.svg]
[artforumhair.com/wp-content/plugins/photo-gallery/css/bwg-fonts/fonts/bwg8f95.svg]
[artforumhair.com/wp-content/plugins/photo-gallery/css/mCSB_buttons.html]
[artforumhair.com/wp-content/themes/artforum/images/base/button-gradient.html]
[artforumhair.com/wp-content/themes/artforum/images/base/button-dark-round-left.html]
[artforumhair.com/wp-content/themes/artforum/images/base/button-dark-round-right.html]
[artforumhair.com/wp-content/themes/artforum/images/base/button-light-round-left.html]
[artforumhair.com/wp-content/themes/artforum/images/base/button-light-round-right.html]
[artforumhair.com/wp-content/themes/artforum/images/base/icon_info.html]
[artforumhair.com/wp-content/themes/artforum/images/base/icon_success.html]
[artforumhair.com/wp-content/themes/artforum/images/base/icon_warning.html]
[artforumhair.com/wp-content/themes/artforum/images/base/icon_error.html]
[artforumhair.com/wp-content/themes/artforum/images/base/icon_about.html]
[artforumhair.com/wp-content/themes/artforum/images/base/accordian-title.html]
[artforumhair.com/wp-content/themes/artforum/images/base/accordian-content-bg.html]
[artforumhair.com/wp-content/themes/artforum/images/base/bullet-1.html]
[artforumhair.com/wp-content/themes/artforum/images/base/bullet-2.html]
[artforumhair.com/wp-content/themes/artforum/images/base/bullet-3.html]
[artforumhair.com/wp-content/themes/artforum/images/base/bullet-4.html]
[artforumhair.com/wp-content/themes/artforum/images/base/bullet-5.html]
[artforumhair.com/wp-content/themes/artforum/images/base/bullet-6.html]
[artforumhair.com/wp-content/themes/artforum/images/base/bullet-7.html]
[artforumhair.com/wp-content/themes/artforum/images/base/bullet-8.html]
[artforumhair.com/wp-content/themes/artforum/images/base/bullet-9.html]
[artforumhair.com/wp-content/themes/artforum/images/base/bullet-10.html]
[artforumhair.com/wp-content/themes/artforum/grayscale-effects/js/filters.svg]
[artforumhair.com/indexe6f0.html]
[artforumhair.com/wp-content/uploads/photo-gallery/_GPA9083.jpg]
[artforumhair.com/2016/12/24/methods-for-extending-hair/index.html]
[artforumhair.com/2016/12/18/каузата-дари-коса/index.html]
[artforumhair.com/wp-content/uploads/photo-gallery/thumb/_GPA9083.jpg]
[artforumhair.com/wp-content/uploads/photo-gallery/_GPA9081.jpg]
[artforumhair.com/wp-content/uploads/photo-gallery/thumb/_GPA9081.jpg]
[artforumhair.com/wp-content/uploads/photo-gallery/_GPA9086.jpg]
[artforumhair.com/wp-content/uploads/photo-gallery/thumb/_GPA9086.jpg]
[artforumhair.com/wp-content/uploads/photo-gallery/_GPA9089.jpg]
[artforumhair.com/wp-content/uploads/photo-gallery/thumb/_GPA9089.jpg]
[artforumhair.com/wp-content/uploads/photo-gallery/_GPA9109.jpg]
[artforumhair.com/wp-content/uploads/photo-gallery/thumb/_GPA9109.jpg]
[artforumhair.com/wp-content/uploads/photo-gallery/_GPA9183.jpg]
[artforumhair.com/wp-content/uploads/photo-gallery/thumb/_GPA9183.jpg]
[artforumhair.com/wp-content/uploads/photo-gallery/_GPA9176.jpg]
[artforumhair.com/wp-content/uploads/photo-gallery/thumb/_GPA9176.jpg]
[artforumhair.com/wp-content/uploads/photo-gallery/_GPA9191.jpg]
[artforumhair.com/wp-content/uploads/photo-gallery/thumb/_GPA9191.jpg]
[artforumhair.com/wp-content/uploads/photo-gallery/_GPA9192.jpg]
[artforumhair.com/wp-content/uploads/photo-gallery/thumb/_GPA9192.jpg]
[artforumhair.com/wp-content/uploads/photo-gallery/_GPA9194.jpg]
[artforumhair.com/wp-content/uploads/photo-gallery/thumb/_GPA9194.jpg]
[artforumhair.com/wp-content/uploads/photo-gallery/_GPA9207.jpg]
[artforumhair.com/wp-content/uploads/photo-gallery/thumb/_GPA9207.jpg]
[artforumhair.com/wp-content/uploads/photo-gallery/_GPA9184.jpg]
[artforumhair.com/wp-content/uploads/photo-gallery/thumb/_GPA9184.jpg]
[artforumhair.com/wp-content/uploads/photo-gallery/_GPA9209.jpg]
[artforumhair.com/wp-content/uploads/photo-gallery/thumb/_GPA9209.jpg]
[artforumhair.com/wp-content/uploads/photo-gallery/_GPA9197.jpg]
[artforumhair.com/wp-content/uploads/photo-gallery/thumb/_GPA9197.jpg]
[artforumhair.com/wp-content/uploads/photo-gallery/_GPA9187.jpg]
[artforumhair.com/wp-content/uploads/photo-gallery/thumb/_GPA9187.jpg]
[artforumhair.com/wp-content/uploads/photo-gallery/_GPA9185.jpg]
[artforumhair.com/wp-content/uploads/photo-gallery/thumb/_GPA9185.jpg]
[artforumhair.com/wp-content/uploads/photo-gallery/_GPA9190.jpg]
[artforumhair.com/wp-content/uploads/photo-gallery/thumb/_GPA9190.jpg]
[artforumhair.com/wp-content/uploads/photo-gallery/_GPA9186.jpg]
[artforumhair.com/wp-content/uploads/photo-gallery/thumb/_GPA9186.jpg]
[artforumhair.com/wp-content/uploads/photo-gallery/_GPA9188.jpg]
[artforumhair.com/wp-content/uploads/photo-gallery/thumb/_GPA9188.jpg]
[artforumhair.com/wp-content/uploads/photo-gallery/_GPA9189.jpg]
[artforumhair.com/wp-content/uploads/photo-gallery/thumb/_GPA9189.jpg]
[artforumhair.com/wp-content/uploads/photo-gallery/_GPA9046.jpg]
[artforumhair.com/wp-content/uploads/photo-gallery/thumb/_GPA9046.jpg]
[artforumhair.com/wp-content/uploads/photo-gallery/_GPA9034.jpg]
[artforumhair.com/wp-content/uploads/photo-gallery/thumb/_GPA9034.jpg]
[artforumhair.com/wp-content/uploads/photo-gallery/_GPA9058.jpg]
[artforumhair.com/wp-content/uploads/photo-gallery/thumb/_GPA9058.jpg]
[artforumhair.com/wp-content/uploads/photo-gallery/_GPA9050.jpg]
[artforumhair.com/wp-content/uploads/photo-gallery/thumb/_GPA9050.jpg]
[artforumhair.com/wp-content/uploads/photo-gallery/_GPA9029.jpg]
[artforumhair.com/wp-content/uploads/photo-gallery/thumb/_GPA9029.jpg]
[artforumhair.com/wp-content/uploads/photo-gallery/_GPA9061.jpg]
[artforumhair.com/wp-content/uploads/photo-gallery/thumb/_GPA9061.jpg]
[artforumhair.com/wp-content/uploads/photo-gallery/_GPA8972.jpg]
[artforumhair.com/wp-content/uploads/photo-gallery/thumb/_GPA8972.jpg]
[artforumhair.com/wp-content/uploads/photo-gallery/_GPA9004.jpg]
[artforumhair.com/wp-content/uploads/photo-gallery/thumb/_GPA9004.jpg]
[artforumhair.com/wp-content/uploads/photo-gallery/_bGPA9302.jpg]
[artforumhair.com/wp-content/uploads/photo-gallery/thumb/_bGPA9302.jpg]
[artforumhair.com/wp-content/uploads/photo-gallery/_bGPA9334.jpg]
[artforumhair.com/wp-content/uploads/photo-gallery/thumb/_bGPA9334.jpg]
[artforumhair.com/gallery/index2822.html]
[artforumhair.com/wp-content/uploads/photo-gallery/_bGPA9242.jpg]
[artforumhair.com/gallery/indexb728.html]
[artforumhair.com/wp-content/uploads/photo-gallery/thumb/_bGPA9242.jpg]
[artforumhair.com/wp-content/uploads/photo-gallery/_GPA8975.jpg]
[artforumhair.com/wp-content/uploads/photo-gallery/thumb/_GPA8975.jpg]
[artforumhair.com/wp-content/uploads/photo-gallery/_GPA8998.jpg]
[artforumhair.com/wp-content/uploads/photo-gallery/thumb/_GPA8998.jpg]
[artforumhair.com/wp-content/uploads/photo-gallery/_GPA8986.jpg]
[artforumhair.com/wp-content/uploads/photo-gallery/thumb/_GPA8986.jpg]
[artforumhair.com/wp-content/uploads/photo-gallery/_GPA8976.jpg]
[artforumhair.com/wp-content/uploads/photo-gallery/thumb/_GPA8976.jpg]
[artforumhair.com/wp-content/uploads/photo-gallery/_bGPA9132.jpg]
[artforumhair.com/wp-content/uploads/photo-gallery/thumb/_bGPA9132.jpg]
[artforumhair.com/wp-content/uploads/photo-gallery/_bGPA9202.jpg]
[artforumhair.com/wp-content/uploads/photo-gallery/thumb/_bGPA9202.jpg]
[artforumhair.com/wp-content/uploads/photo-gallery/_bGPA9023.jpg]
[artforumhair.com/wp-content/uploads/photo-gallery/thumb/_bGPA9023.jpg]
[artforumhair.com/wp-content/uploads/photo-gallery/_bGPA9054.jpg]
[artforumhair.com/wp-content/uploads/photo-gallery/thumb/_bGPA9054.jpg]
[artforumhair.com/wp-content/uploads/photo-gallery/_bGPA9016.jpg]
[artforumhair.com/wp-content/uploads/photo-gallery/thumb/_bGPA9016.jpg]
[artforumhair.com/wp-content/uploads/photo-gallery/_bGPA9004.jpg]
[artforumhair.com/wp-content/uploads/photo-gallery/thumb/_bGPA9004.jpg]
[artforumhair.com/wp-content/uploads/photo-gallery/_bGPA8982.jpg]
[artforumhair.com/wp-content/uploads/photo-gallery/thumb/_bGPA8982.jpg]
[artforumhair.com/wp-content/uploads/photo-gallery/_bGPA8983.jpg]
[artforumhair.com/wp-content/uploads/photo-gallery/thumb/_bGPA8983.jpg]
[artforumhair.com/wp-content/uploads/photo-gallery/_bGPA9064.jpg]
[artforumhair.com/wp-content/uploads/photo-gallery/thumb/_bGPA9064.jpg]
[artforumhair.com/wp-content/uploads/photo-gallery/_bGPA9077.jpg]
[artforumhair.com/wp-content/uploads/photo-gallery/thumb/_bGPA9077.jpg]
[artforumhair.com/wp-content/uploads/photo-gallery/_GPA9079.jpg]
[artforumhair.com/wp-content/uploads/photo-gallery/thumb/_GPA9079.jpg]
[artforumhair.com/wp-content/uploads/photo-gallery/_bGPA9181.jpg]
[artforumhair.com/wp-content/uploads/photo-gallery/thumb/_bGPA9181.jpg]
[artforumhair.com/wp-content/uploads/photo-gallery/_bGPA9175.jpg]
[artforumhair.com/wp-content/uploads/photo-gallery/thumb/_bGPA9175.jpg]
[artforumhair.com/wp-content/uploads/photo-gallery/_bGPA9144.jpg]
[artforumhair.com/wp-content/uploads/photo-gallery/thumb/_bGPA9144.jpg]
[artforumhair.com/wp-content/uploads/photo-gallery/_bGPA9090.jpg]
[artforumhair.com/wp-content/uploads/photo-gallery/thumb/_bGPA9090.jpg]
[artforumhair.com/wp-content/uploads/photo-gallery/_bGPA9099.jpg]
[artforumhair.com/wp-content/uploads/photo-gallery/thumb/_bGPA9099.jpg]
[artforumhair.com/gallery/index43dd.html]
[artforumhair.com/index970c.html]
[artforumhair.com/index1c00.html]
[artforumhair.com/index8cae.html]
[artforumhair.com/index3e8e.html]
[artforumhair.com/indexb50d.html]
[artforumhair.com/en_GB/gallery/index.html]
[artforumhair.com/indexc7e3.html]
[artforumhair.com/index30a5.html]
[artforumhair.com/index0721.html]
[artforumhair.com/indexbdfa.html]
[artforumhair.com/category/uncategorised/page/2/index.html]
[artforumhair.com/index6150.html]
[artforumhair.com/indexd06c.html]
[artforumhair.com/indexcb8c.html]
[artforumhair.com/index9076.html]
[artforumhair.com/index5295.html]
[artforumhair.com/indexc807.html]
[artforumhair.com/indexa8b8.html]
[artforumhair.com/indexc902.html]
[artforumhair.com/index156c.html]
[artforumhair.com/wp-json/wp/v2/posts/211.json]
[artforumhair.com/wp-json/oembed/1.0/embedeccc.json]
[artforumhair.com/wp-json/oembed/1.0/embed7b44]
[artforumhair.com/2017/03/06/hair-wigs-now/index.html]
[artforumhair.com/tag/hair/index.html]
[artforumhair.com/tag/fashion/index.html]
[artforumhair.com/tag/wigs/index.html]
[artforumhair.com/wp-json/wp/v2/posts/206.json]
[artforumhair.com/tag/перуки/index.html]
[artforumhair.com/tag/коса/index.html]
[artforumhair.com/wp-json/oembed/1.0/embed6724.json]
[artforumhair.com/wp-json/oembed/1.0/embed0bc8]
[artforumhair.com/2017/02/27/три-причини-да-удължите-косата-си-с-екс/index.html]
[artforumhair.com/wp-json/wp/v2/posts/201.json]
[artforumhair.com/wp-json/oembed/1.0/embed39e0.json]
[artforumhair.com/wp-json/oembed/1.0/embed062d]
[artforumhair.com/2017/02/27/екстеншъни-със-самозалепващи-се-стик/index.html]
[artforumhair.com/wp-json/wp/v2/posts/190.json]
[artforumhair.com/wp-json/oembed/1.0/embed1677.json]
[artforumhair.com/wp-json/oembed/1.0/embedb97b]
[artforumhair.com/2017/01/29/indian-hair-best-extensions/index.html]
[artforumhair.com/wp-json/wp/v2/posts/183.json]
[artforumhair.com/tag/hair-extensions/index.html]
[artforumhair.com/tag/virgin-hair/index.html]
[artforumhair.com/tag/indian-hair/index.html]
[artforumhair.com/wp-json/oembed/1.0/embedbb0e.json]
[artforumhair.com/wp-json/oembed/1.0/embed0a7b]
[artforumhair.com/2017/01/21/hair-color-trends-spring-2017/index.html]
[artforumhair.com/wp-json/wp/v2/posts/165.json]
[artforumhair.com/wp-json/oembed/1.0/embed362c.json]
[artforumhair.com/wp-json/oembed/1.0/embedaf54]
[artforumhair.com/2017/01/07/oмбре-екстеншъните-продължават-да-вла/index.html]
[artforumhair.com/wp-json/wp/v2/posts/153.json]
[artforumhair.com/wp-json/oembed/1.0/embed7b58.json]
[artforumhair.com/wp-json/oembed/1.0/embed4380]
[artforumhair.com/2016/12/24/methods-for-extending-hair/index.html]
[artforumhair.com/wp-json/wp/v2/posts/144.json]
[artforumhair.com/wp-json/oembed/1.0/embed4562.json]
[artforumhair.com/wp-json/oembed/1.0/embedf769]
[artforumhair.com/2016/12/18/каузата-дари-коса/index.html]
[artforumhair.com/page/1/index.html]
[artforumhair.com/gallery/indexb728.html]
[artforumhair.com/category/uncategorised/page/1/index.html]
[artforumhair.com/index0114.html]
[artforumhair.com/tag/fashion/index.html]
[artforumhair.com/wp-json/wp/v2/tags/6.json]
[artforumhair.com/tag/fashion/feed/index.html]
[artforumhair.com/wp-json/wp/v2/tags/7.json]
[artforumhair.com/tag/hair/index.html]
[artforumhair.com/tag/hair/feed/index.html]
[artforumhair.com/wp-json/wp/v2/tags/5.json]
[artforumhair.com/tag/wigs/index.html]
[artforumhair.com/tag/wigs/feed/index.html]
[artforumhair.com/wp-json/wp/v2/tags/9.json]
[artforumhair.com/tag/коса/index.html]
[artforumhair.com/tag/коса/feed/index.html]
[artforumhair.com/wp-json/wp/v2/tags/8.json]
[artforumhair.com/tag/перуки/index.html]
[artforumhair.com/index1e11.html]
[artforumhair.com/index5721.html]
[artforumhair.com/index261b.html]
[artforumhair.com/tag/перуки/feed/index.html]
[artforumhair.com/wp-json/wp/v2/tags/3.json]
[artforumhair.com/tag/hair-extensions/index.html]
[artforumhair.com/tag/hair-extensions/feed/index.html]
[artforumhair.com/wp-json/wp/v2/tags/4.json]
[artforumhair.com/tag/indian-hair/index.html]
[artforumhair.com/wp-json/wp/v2/tags/2.json]
[artforumhair.com/tag/virgin-hair/index.html]
[artforumhair.com/indexe8f5.html]
[artforumhair.com/index17d5.html]
[artforumhair.com/indexd7d8.html]
[artforumhair.com/index421d.html]
[artforumhair.com/tag/indian-hair/feed/index.html]
[artforumhair.com/tag/virgin-hair/feed/index.html]
